// Jest Snapshot v1, https://goo.gl/fbAQLP

exports[`IndividuallyCappedCrowdsale deploy + transfer: deploy consumed 1`] = `"0"`;

exports[`IndividuallyCappedCrowdsale deploy + transfer: deploy cost 1`] = `"1.662"`;
