// Jest Snapshot v1, https://goo.gl/fbAQLP

exports[`Capped Crowdsale deploy + transfer: deploy consumed 1`] = `"0"`;

exports[`Capped Crowdsale deploy + transfer: deploy cost 1`] = `"1.448"`;
