// Jest Snapshot v1, https://goo.gl/fbAQLP

exports[`TestDesignatedCaller deploy + transfer: deploy consumed 1`] = `"0"`;

exports[`TestDesignatedCaller deploy + transfer: deploy cost 1`] = `"1.614"`;
