// Jest Snapshot v1, https://goo.gl/fbAQLP

exports[`genContract Token 1`] = `
Object {
  "js": "import { sourceMaps } from '../sourceMaps';
import { tokenABI } from './abi';

const definition = {
  networks: {
  \\"main\\": {
    \\"address\\": \\"iamahash\\"
  }
},
  abi: tokenABI,
  sourceMaps,
};

export const createTokenSmartContract = (
  client,
) => client.smartContract(definition);
  ",
  "ts": "
import { Client, SmartContractDefinition } from '@neo-one/client';import { sourceMaps } from '../sourceMaps';
import { tokenABI } from './abi';
import { TokenSmartContract } from './types';

const definition: SmartContractDefinition = {
  networks: {
  \\"main\\": {
    \\"address\\": \\"iamahash\\"
  }
},
  abi: tokenABI,
  sourceMaps,
};

export const createTokenSmartContract = <TClient extends Client>(
  client: TClient,
): TokenSmartContract<TClient> => client.smartContract<TokenSmartContract<TClient>>(definition);
",
}
`;
