// Jest Snapshot v1, https://goo.gl/fbAQLP

exports[`Contract Model Tests Serialize Wire Base 1`] = `
Array [
  "19",
  "00000000000000000000000000000000000000000000000000",
  "00",
  "",
  "01",
  "01",
  "04",
  "74657374",
  "05",
  "302e302e30",
  "09",
  "42656e20446f766572",
  "13",
  "6578616d706c65406e656f2d6f6e652e676f76",
  "04",
  "74657374",
]
`;
