// Jest Snapshot v1, https://goo.gl/fbAQLP

exports[`Crowdsale deploy + transfer: deploy consumed 1`] = `"0"`;

exports[`Crowdsale deploy + transfer: deploy cost 1`] = `"1.398"`;
