// Jest Snapshot v1, https://goo.gl/fbAQLP

exports[`genSourceMaps Token 1`] = `
Object {
  "js": "/* @source-map-hash 6654c734ccab8f440ff0825eb443dc7f */
import { OneClient } from '@neo-one/client';
import { projectID } from './projectID';

let sourceMapsIn = Promise.resolve({});

if (process.env.NODE_ENV !== 'production' || process.env.NEO_ONE_DEV === 'true') {
  sourceMapsIn = Promise.resolve().then(async () => {
    const client = new OneClient(40011);
    const result = await client.request({
      plugin: '@neo-one/server-plugin-project',
      options: { type: 'sourceMaps', projectID },
    });

    return result.response;
  });
}

export const sourceMaps = sourceMapsIn;
",
  "ts": "/* @source-map-hash 6654c734ccab8f440ff0825eb443dc7f */
import { OneClient, SourceMaps } from '@neo-one/client';
import { projectID } from './projectID';

let sourceMapsIn: Promise<SourceMaps> = Promise.resolve({});
if (process.env.NODE_ENV !== 'production' || process.env.NEO_ONE_DEV === 'true') {
  sourceMapsIn = Promise.resolve().then(async () => {
    const client = new OneClient(40011);
    const result = await client.request({
      plugin: '@neo-one/server-plugin-project',
      options: { type: 'sourceMaps', projectID },
    });

    return result.response;
  });
}

export const sourceMaps = sourceMapsIn;
",
}
`;
