// Jest Snapshot v1, https://goo.gl/fbAQLP

exports[`test capper access role deploy, initialize, add, remove: deploy consumed 1`] = `"0"`;

exports[`test capper access role deploy, initialize, add, remove: deploy cost 1`] = `"3.026"`;
