// Jest Snapshot v1, https://goo.gl/fbAQLP

exports[`Test Pausability deploy + pause + unpause: deploy consumed 1`] = `"0"`;

exports[`Test Pausability deploy + pause + unpause: deploy cost 1`] = `"3.055"`;
