// Jest Snapshot v1, https://goo.gl/fbAQLP

exports[`InvokeSmartContractHelper class that used processedTransactions, send, receive and claim 1`] = `"1.047"`;

exports[`InvokeSmartContractHelper class that used processedTransactions, send, receive and claim 2`] = `"1.873"`;

exports[`InvokeSmartContractHelper class that used processedTransactions, send, receive and claim 3`] = `"1.882"`;

exports[`InvokeSmartContractHelper class that used processedTransactions, send, receive and claim 4`] = `"1.562"`;

exports[`InvokeSmartContractHelper class that used processedTransactions, send, receive and claim 5`] = `"3.337"`;

exports[`InvokeSmartContractHelper class that used processedTransactions, send, receive and claim 6`] = `"0.72"`;

exports[`InvokeSmartContractHelper class that used processedTransactions, send, receive and claim 7`] = `"3.306"`;

exports[`InvokeSmartContractHelper class that used processedTransactions, send, receive and claim 8`] = `"0.72"`;
